C51 COMPILER V9.56.0.0   USART                                                             05/28/2018 11:08:19 PAGE 1   


C51 COMPILER V9.56.0.0, COMPILATION OF MODULE USART
OBJECT MODULE PLACED IN .\Objects\USART.obj
COMPILER INVOKED BY: C:\Keil_v5\C51\BIN\C51.EXE USART\USART.c OPTIMIZE(8,SPEED) BROWSE DEBUG OBJECTEXTEND PRINT(.\Listin
                    -gs\USART.lst) TABS(2) OBJECT(.\Objects\USART.obj)

line level    source

   1          #include ".\USART\USART.h"
   2          
   3          
   4          
   5          void UartInit(void)   //115200bps@22.1184MHz
   6          {
   7   1        SCON = 0x50;    //8位数据,可变波特率
   8   1        AUXR |= 0x01;   //串口1选择定时器2为波特率发生器
   9   1        AUXR |= 0x04;   //定时器2时钟为Fosc,即1T
  10   1        T2L = 0xD0;   //设定定时初值
  11   1        T2H = 0xFF;   //设定定时初值
  12   1        AUXR |= 0x10;   //启动定时器2
  13   1        ES=1;
  14   1        EA=1;
  15   1      }
  16          
  17          
  18          void UartInit_fk(char *buf1)    //串口1发送函数
  19          {  unsigned char i=0;
  20   1         while (1)
  21   1         {  if (buf1[i]!=0)
  22   2           {  
  23   3          SBUF=buf1[i];       //发送一个byte到串口
  24   3              while(TI==0);      //等待发送结束
  25   3          TI=0;
  26   3              i++;
  27   3           }
  28   2           else return;
  29   2         }   
  30   1      }
  31          
  32          /************************串口1中断函数***********************/
  33          void UART1_Routine() interrupt 4
  34          {
  35   1        
  36   1        if(RI==1)
  37   1        {
  38   2          RI = 0;
  39   2        }
  40   1        
  41   1      }
  42          
  43          
  44          
  45          


MODULE INFORMATION:   STATIC OVERLAYABLE
   CODE SIZE        =     64    ----
   CONSTANT SIZE    =   ----    ----
   XDATA SIZE       =   ----    ----
   PDATA SIZE       =   ----    ----
   DATA SIZE        =   ----       3
   IDATA SIZE       =   ----    ----
C51 COMPILER V9.56.0.0   USART                                                             05/28/2018 11:08:19 PAGE 2   

   BIT SIZE         =   ----    ----
END OF MODULE INFORMATION.


C51 COMPILATION COMPLETE.  0 WARNING(S),  0 ERROR(S)
